Aether SCMoA CLI v2.1 | Step: 152
----------------------------------------
Uptime:      228.2528123s
Format:      SafeTensors | Quant: None
Frequency:   100 Hz | Shards: 1024
Out Dir:     "outputs/"
